// Jest Snapshot v1, https://goo.gl/fbAQLP

exports[`renders the correct tree 1`] = `
Array [
  <div
    className="container"
  >
    <form
      className=""
      noValidate={true}
      onSubmit={[Function]}
    >
      <div
        className="row"
      >
        <div
          className="required-field col-md-6"
        >
          <label
            className="form-label"
          >
            customer:First Name
          </label>
          <input
            className="form-control"
            name="firstName"
            onChange={[Function]}
            required={true}
            type="text"
            value=""
          />
          <div
            className="invalid-feedback"
          />
          <label
            className="form-label"
          >
            customer:Last Name
          </label>
          <input
            className="form-control"
            name="lastName"
            onChange={[Function]}
            required={true}
            type="text"
            value=""
          />
          <div
            className="invalid-feedback"
          />
          <div
            className="form-group"
          >
            <div
              className="custom-control custom-checkbox"
            >
              <input
                className="custom-control-input"
                disabled={false}
                id="isSubscribed"
                name="isSubscribed"
                onChange={[Function]}
                type="checkbox"
              />
              <label
                className="custom-control-label"
                htmlFor="isSubscribed"
                title=""
              >
                customer:Sign Up for Newsletter
              </label>
            </div>
          </div>
        </div>
        <div
          className="required-field col-md-6"
        >
          <label
            className="form-label"
          >
            customer:Email
          </label>
          <input
            className="form-control"
            name="email"
            onChange={[Function]}
            required={true}
            type="text"
            value=""
          />
          <div
            className="invalid-feedback"
          />
          <label
            className="form-label"
          >
            customer:Password
          </label>
          <input
            className="form-control"
            name="password"
            onChange={[Function]}
            required={true}
            type="password"
            value=""
          />
          <div
            className="invalid-feedback"
          />
          <label
            className="form-label"
          >
            customer:Confirm Password
          </label>
          <input
            className="form-control"
            name="confirm"
            onChange={[Function]}
            required={true}
            type="password"
            value=""
          />
          <div
            className="invalid-feedback"
          />
        </div>
      </div>
      <div
        className="row"
      >
        <div
          className="col"
        >
          <div
            className="form-footer"
          >
            <button
              className="btn btn-primary"
              disabled={false}
              type="submit"
            >
              customer:Create an Account
            </button>
          </div>
        </div>
      </div>
    </form>
  </div>,
  <div
    className="mb-5"
  />,
]
`;
