// Jest Snapshot v1, https://goo.gl/fbAQLP

exports[`renders correctly 1`] = `
<div
  className="undefined undefined"
>
  <img
    alt="logo"
    className="undefined undefined"
    height={50}
    loading="eager"
    src="data:image/svg+xml;base64,PHN2ZyB4bWxucz0naHR0cDovL3d3dy53My5vcmcvMjAwMC9zdmcnIHdpZHRoPSc0JyBoZWlnaHQ9JzUnPjxyZWN0IHdpZHRoPSc0JyBoZWlnaHQ9JzUnIHN0eWxlPSdmaWxsOiBub25lJyAvPjwvc3ZnPg=="
    style={
      Object {
        "height": "50px",
        "width": "50px",
      }
    }
    title="Store Name"
    width={50}
  />
  <img
    alt="logo"
    className="undefined undefined"
    height={50}
    loading="lazy"
    onError={[Function]}
    onLoad={[Function]}
    src="https://header.logo/src.jpg"
    style={
      Object {
        "height": "50px",
        "width": "50px",
      }
    }
    title="Store Name"
    width={50}
  />
</div>
`;
