// Jest Snapshot v1, https://goo.gl/fbAQLP

exports[`renders a suggestedProduct component 1`] = `
Array [
  <div
    className="suggestion-left"
  >
    <div
      className="undefined undefined"
    >
      <img
        alt="product name"
        className="undefined undefined"
        loading="eager"
        src="data:image/svg+xml;base64,PHN2ZyB4bWxucz0naHR0cDovL3d3dy53My5vcmcvMjAwMC9zdmcnIHdpZHRoPSc0JyBoZWlnaHQ9JzUnPjxyZWN0IHdpZHRoPSc0JyBoZWlnaHQ9JzUnIHN0eWxlPSdmaWxsOiBub25lJyAvPjwvc3ZnPg=="
        style={
          Object {
            "height": "auto",
            "width": "60px",
          }
        }
        width={60}
      />
      <img
        alt="product name"
        className="undefined undefined"
        loading="lazy"
        onError={[Function]}
        onLoad={[Function]}
        sizes="60px"
        src="https://small.image/url?auto=webp&format=pjpg&width=60&fit=cover"
        srcSet="https://small.image/url?auto=webp&format=pjpg&width=40&height=50&fit=cover 40w,
https://small.image/url?auto=webp&format=pjpg&width=80&height=100&fit=cover 80w,
https://small.image/url?auto=webp&format=pjpg&width=160&height=200&fit=cover 160w,
https://small.image/url?auto=webp&format=pjpg&width=320&height=400&fit=cover 320w,
https://small.image/url?auto=webp&format=pjpg&width=640&height=800&fit=cover 640w,
https://small.image/url?auto=webp&format=pjpg&width=960&height=1200&fit=cover 960w,
https://small.image/url?auto=webp&format=pjpg&width=1280&height=1600&fit=cover 1280w,
https://small.image/url?auto=webp&format=pjpg&width=1600&height=2000&fit=cover 1600w,
https://small.image/url?auto=webp&format=pjpg&width=2560&height=3200&fit=cover 2560w"
        style={
          Object {
            "height": "auto",
            "width": "60px",
          }
        }
        width={60}
      />
    </div>
  </div>,
  <div
    className="suggestion-right"
  >
    <div
      className="product-line product-name"
    >
      product name
    </div>
    <div
      className="product-line product-price"
    >
      Price
      : 
      <span>
        €
      </span>
      <span>
        39
      </span>
      <span>
        .
      </span>
      <span>
        00
      </span>
    </div>
    <div
      className="product-des"
    >
      <p
        className="short-des"
      >
        <div
          dangerouslySetInnerHTML={
            Object {
              "__html": "short desc",
            }
          }
          onClick={[Function]}
        />
      </p>
    </div>
  </div>,
]
`;
