// Jest Snapshot v1, https://goo.gl/fbAQLP

exports[`renders with configError 1`] = `
<div>
  Title
  <Main
    isMasked={true}
  />
  <button />
  <ToastContainer />
  <div
    className="loading-overlay"
  >
    <div
      className="bounce-loader"
    >
      <div
        className="bounce1"
      />
      <div
        className="bounce2"
      />
      <div
        className="bounce3"
      />
    </div>
  </div>
</div>
`;

exports[`renders with renderErrors 1`] = `
<div>
  Title
  <Main
    isMasked={true}
  />
  <button />
  <ToastContainer />
  <div
    className="loading-overlay"
  >
    <div
      className="bounce-loader"
    >
      <div
        className="bounce1"
      />
      <div
        className="bounce2"
      />
      <div
        className="bounce3"
      />
    </div>
  </div>
</div>
`;

exports[`renders with unhandledErrors 1`] = `
<div>
  Title
  <Main
    computedMatch={
      Object {
        "isExact": true,
        "params": Object {},
        "path": "/",
        "url": "/",
      }
    }
    isMasked={false}
    location={
      Object {
        "hash": "",
        "pathname": "/",
        "search": "",
      }
    }
  >
    <Routes />
  </Main>
  <button
    onClick={[Function]}
  />
  <MobileMenu />
  <ToastContainer />
  <div
    className="loading-overlay"
  >
    <div
      className="bounce-loader"
    >
      <div
        className="bounce1"
      />
      <div
        className="bounce2"
      />
      <div
        className="bounce3"
      />
    </div>
  </div>
  <div
    className="warningContainer"
  >
    <div
      className="warningWrapper container"
    >
      <div
        className="textWrapper"
      >
        <div>
          <div />
        </div>
      </div>
      <button
        className="button btn btn-secondary"
        disabled={false}
        onClick={[Function]}
        type="button"
      >
        Accept
      </button>
    </div>
  </div>
</div>
`;
