// Jest Snapshot v1, https://goo.gl/fbAQLP

exports[`PriceTiers renders correctly two tiers 1`] = `
<div
  className="mt-2"
>
  <h3>
    Price tiers
  </h3>
  <table
    className="table table-responsive table-hover lh-13"
  >
    <thead>
      <tr>
        <th
          scope="col"
        >
          Quantity
        </th>
        <th
          scope="col"
        >
          Price
        </th>
      </tr>
    </thead>
    <tbody>
      <tr>
        <th
          scope="row"
        >
          1-2
        </th>
        <td>
          <span>
            €
          </span>
          <span>
            2
          </span>
          <span>
            .
          </span>
          <span>
            50
          </span>
        </td>
      </tr>
      <tr>
        <th
          scope="row"
        >
          2-4
        </th>
        <td>
          <span>
            €
          </span>
          <span>
            100
          </span>
          <span>
            .
          </span>
          <span>
            00
          </span>
        </td>
      </tr>
      <tr>
        <th
          scope="row"
        >
          4+
        </th>
        <td>
          <span>
            €
          </span>
          <span>
            90
          </span>
          <span>
            .
          </span>
          <span>
            00
          </span>
        </td>
      </tr>
    </tbody>
  </table>
</div>
`;

exports[`PriceTiers renders correctly with four tiers 1`] = `
<div
  className="mt-2"
>
  <h3>
    Price tiers
  </h3>
  <table
    className="table table-responsive table-hover lh-13"
  >
    <thead>
      <tr>
        <th
          scope="col"
        >
          Quantity
        </th>
        <th
          scope="col"
        >
          Price
        </th>
      </tr>
    </thead>
    <tbody>
      <tr>
        <th
          scope="row"
        >
          1-2
        </th>
        <td>
          <span>
            €
          </span>
          <span>
            2
          </span>
          <span>
            .
          </span>
          <span>
            50
          </span>
        </td>
      </tr>
      <tr>
        <th
          scope="row"
        >
          2-4
        </th>
        <td>
          <span>
            €
          </span>
          <span>
            100
          </span>
          <span>
            .
          </span>
          <span>
            00
          </span>
        </td>
      </tr>
      <tr>
        <th
          scope="row"
        >
          4-6
        </th>
        <td>
          <span>
            €
          </span>
          <span>
            90
          </span>
          <span>
            .
          </span>
          <span>
            00
          </span>
        </td>
      </tr>
      <tr>
        <th
          scope="row"
        >
          6-8
        </th>
        <td>
          <span>
            €
          </span>
          <span>
            80
          </span>
          <span>
            .
          </span>
          <span>
            00
          </span>
        </td>
      </tr>
      <tr>
        <th
          scope="row"
        >
          8+
        </th>
        <td>
          <span>
            €
          </span>
          <span>
            70
          </span>
          <span>
            .
          </span>
          <span>
            00
          </span>
        </td>
      </tr>
    </tbody>
  </table>
</div>
`;

exports[`PriceTiers renders correctly with one tier 1`] = `
<div
  className="mt-2"
>
  <h3>
    Price tiers
  </h3>
  <table
    className="table table-responsive table-hover lh-13"
  >
    <thead>
      <tr>
        <th
          scope="col"
        >
          Quantity
        </th>
        <th
          scope="col"
        >
          Price
        </th>
      </tr>
    </thead>
    <tbody>
      <tr>
        <th
          scope="row"
        >
          1-2
        </th>
        <td>
          <span>
            €
          </span>
          <span>
            2
          </span>
          <span>
            .
          </span>
          <span>
            50
          </span>
        </td>
      </tr>
      <tr>
        <th
          scope="row"
        >
          2+
        </th>
        <td>
          <span>
            €
          </span>
          <span>
            100
          </span>
          <span>
            .
          </span>
          <span>
            00
          </span>
        </td>
      </tr>
    </tbody>
  </table>
</div>
`;

exports[`PriceTiers renders correctly with three tiers 1`] = `
<div
  className="mt-2"
>
  <h3>
    Price tiers
  </h3>
  <table
    className="table table-responsive table-hover lh-13"
  >
    <thead>
      <tr>
        <th
          scope="col"
        >
          Quantity
        </th>
        <th
          scope="col"
        >
          Price
        </th>
      </tr>
    </thead>
    <tbody>
      <tr>
        <th
          scope="row"
        >
          1-2
        </th>
        <td>
          <span>
            €
          </span>
          <span>
            2
          </span>
          <span>
            .
          </span>
          <span>
            50
          </span>
        </td>
      </tr>
      <tr>
        <th
          scope="row"
        >
          2-4
        </th>
        <td>
          <span>
            €
          </span>
          <span>
            100
          </span>
          <span>
            .
          </span>
          <span>
            00
          </span>
        </td>
      </tr>
      <tr>
        <th
          scope="row"
        >
          4-6
        </th>
        <td>
          <span>
            €
          </span>
          <span>
            90
          </span>
          <span>
            .
          </span>
          <span>
            00
          </span>
        </td>
      </tr>
      <tr>
        <th
          scope="row"
        >
          6+
        </th>
        <td>
          <span>
            €
          </span>
          <span>
            80
          </span>
          <span>
            .
          </span>
          <span>
            00
          </span>
        </td>
      </tr>
    </tbody>
  </table>
</div>
`;
