// Jest Snapshot v1, https://goo.gl/fbAQLP

exports[`Renders correctly 1`] = `
<div
  className="header-dropdown"
>
  <div>
    English
  </div>
  <div
    className="header-menu"
  >
    <ul>
      <li>
        <a
          href="#"
          onClick={[Function]}
        >
          <img
            alt="lt_LT"
            src="test-file-stub"
          />
          Lithuanian
        </a>
      </li>
      <li>
        <a
          href="#"
          onClick={[Function]}
        >
          <img
            alt="en_US"
            src="test-file-stub"
          />
          English
        </a>
      </li>
      <li>
        <a
          href="#"
          onClick={[Function]}
        >
          <img
            alt="ru_RU"
            src="test-file-stub"
          />
          Russian
        </a>
      </li>
      <li>
        <a
          href="#"
          onClick={[Function]}
        >
          <img
            alt="lv_LV"
            src="test-file-stub"
          />
          Latvia
        </a>
      </li>
      <li>
        <a
          href="#"
          onClick={[Function]}
        >
          <img
            alt="en_US"
            src="test-file-stub"
          />
          English
        </a>
      </li>
      <li>
        <a
          href="#"
          onClick={[Function]}
        >
          <img
            alt="ru_RU"
            src="test-file-stub"
          />
          Russian
        </a>
      </li>
      <li>
        <a
          href="#"
          onClick={[Function]}
        >
          <img
            alt="et_EE"
            src="test-file-stub"
          />
          Estonians
        </a>
      </li>
      <li>
        <a
          href="#"
          onClick={[Function]}
        >
          <img
            alt="en_US"
            src="test-file-stub"
          />
          English
        </a>
      </li>
      <li>
        <a
          href="#"
          onClick={[Function]}
        >
          <img
            alt="ru_RU"
            src="test-file-stub"
          />
          Russian
        </a>
      </li>
    </ul>
  </div>
</div>
`;
